
Reading the intermediate data file: int 
Writing the map file: map.output 

First line of the intermediate file:
U8C/A           U6A/G                0.001      1.641 0.9999999995     32.057    32.06    50 0.2400000000 0.3300000000 0.1607999999 max_int    100 max_Kb   500.00 0.3300000000 0.2400000000


The maximum number of intervals for computing each epsilon is:      100  

The maximum distance (kb) between any pair is set to    500.00  
The input map has 248 loci in total 
Compiling the map in 1 segments 
This has approximately 248 loci per segment
The overlap is 25 
------------------------------------------------------------------------------------------------------------------------
------------------------------------------------------------------------------------------------------------------------


CONSTRUCTING A MAP OF THIS SEGMENT WITH THE FOLLOWING MARKERS AS THE LIMITS : 
BEGIN:            U8C/A      0.001000 
  END:           DA1+/-    215.648000 


******** Creating an LD map from a Kb map ******** 
--------------------------------------------------------------------------------------------------------------------------------
--------------------------------------------------------------------------------------------------------------------------------
>>> PA(E=0.009424,M=0.5)
 

>>> IT(E)
 
IT   -2lnlk          E             L             M                          Kee            Kll            Kmm                        
   30261.20        0.00942       0.18047       0.50000                28339704.16514 
   30261.20        0.00942       0.18047       0.50000                28339704.16514 
   30029.53        0.01785       0.18047       0.50000                4991838.80457 
   29935.28        0.01561       0.18047       0.50000                8006582.40567 
   29923.88        0.01333       0.18047       0.50000                12801836.81268 
   29916.03        0.01441       0.18047       0.50000                10252335.07544 
   29915.49        0.01418       0.18047       0.50000                10741884.90573 
   29915.49        0.01418       0.18047       0.50000                10738847.93149 
   29915.49        0.01418       0.18047       0.50000                10739220.88967 
   29915.49        0.01418       0.18047       0.50000                10739183.63954 

                     Ue            Ul            Um                          
                   0.01651       0.00000       0.00000               

Stdrd Errors:      0.00031                            

N (Number of pairs)=   17011     Predicted L (Lp)=       0.18047
--------------------------------------------------------------------------------------------------------------------------------

>>> IT(E,M)
 
IT   -2lnlk          E             L             M                          Kee            Kll            Kmm                        
   29915.49        0.01418       0.18047       0.50000                10739183.63954                   92578.32626 
   29915.49        0.01418       0.18047       0.50000                10739183.63954                   92578.32626 
   29891.32        0.01418       0.18047       0.52200                12299743.69456                   92578.89461 
   29885.70        0.01733       0.18047       0.54377                7597385.53840                   85681.26907 
   29871.70        0.01595       0.18047       0.52809                9005216.94434                   88526.53094 
   29871.63        0.01587       0.18047       0.52831                9155577.37165                   88692.44007 
   29871.63        0.01588       0.18047       0.52838                9143867.62313                   88673.21547 
   29871.63        0.01588       0.18047       0.52837                9145469.00459                   88675.95661 
   29871.63        0.01588       0.18047       0.52837                9145311.38716                   88675.68503 
   29871.63        0.01588       0.18047       0.52837                9145327.14061                   88675.71219 

                     Ue            Ul            Um                          
                  -0.00422       0.00000      -0.00031               

Stdrd Errors:      0.00043                     0.00435

N (Number of pairs)=   17011     Predicted L (Lp)=       0.18047
--------------------------------------------------------------------------------------------------------------------------------

>>> IT(E,M)
 
IT   -2lnlk          E             L             M                          Kee            Kll            Kmm                        
   29871.63        0.01588       0.18047       0.52837                9145327.14061                   88675.71219 
   29871.63        0.01588       0.18047       0.52837                9145327.14061                   88675.71219 
   29871.63        0.01588       0.18047       0.52837                9145318.78023                   88675.70214 

                     Ue            Ul            Um                          
                   0.03805       0.00000      -0.00294               

Stdrd Errors:      0.00043                     0.00435

N (Number of pairs)=   17011     Predicted L (Lp)=       0.18047
--------------------------------------------------------------------------------------------------------------------------------

***THE SWEPT RADIUS (MEAN EXTENT OF 'USEFUL' LD IN THIS SAMPLE) IS    62.981394    ***

N(number of pairs)=          17011  m(number of SNPs)=            248 df=       17009.0 V(error variance)=       1.75622




*****   CONSTRUCTING LDU MAP.................
 


Iter     E          L          M       n_holes   LDU_length      -2lnlk
       0.015878   0.180467   0.528371            3.42397945  29871.62956 
  25   1.848544   0.180467   0.782973    0       5.30378840  21031.01802
  50   1.362423   0.180467   0.868550    0       7.57819549  19622.54143
 100   1.278242   0.180467   0.905675    0       8.63282880  18629.33376
 200   1.234636   0.180467   0.918397    0       9.34709310  18076.65422
 400   1.201703   0.180467   0.919652    0       9.94667244  17727.53882
 800   1.162458   0.180467   0.912383    0      10.35490835  17592.96779
 811   1.168414   0.180467   0.910909    0      10.30955661  17582.71811




******ELAPSED TIME IN MINUTES FOR THIS RUN:  1.783333 ******



>>>>>>>>>>>>>>>>>>>>>>>>>>>>>>>>>>>>>>>>>>>>>>>>>>>>>>>>>>>>>>>>>>>>>>>>>>>>>>>>>>>>>>>>>>>>>>>>>>>>>>>>>>>>>>>>>>>>>>>>
>>>>>>>>>>>>>>>>>>>>>>>>>>>>>>>>>>>>>>>>>>>>>>>>>>>>>>>>>>>>>>>>>>>>>>>>>>>>>>>>>>>>>>>>>>>>>>>>>>>>>>>>>>>>>>>>>>>>>>>>


TESTING THE FIT OF THE ASSEMBLED MAP...........
FIRSTLY TESTING  THE FIT OF THE Kb MAP....


Reading the intermediate data file: int 
Writing the map file: map.output 

First line of the intermediate file:
U8C/A           U6A/G                0.001      1.641 0.9999999995     32.057    32.06    50 0.2400000000 0.3300000000 0.1607999999 max_int    100 max_Kb   500.00 0.3300000000 0.2400000000


The maximum number of intervals for computing each epsilon is:      100  

The maximum distance (kb) between any pair is set to    500.00  


******** Fitting pairwise data to kb map ******** 
--------------------------------------------------------------------------------------------------------------------------------
--------------------------------------------------------------------------------------------------------------------------------
>>> PA(E=0.009424,M=0.5)
 

>>> IT(E)
 
IT   -2lnlk          E             L             M                          Kee            Kll            Kmm                        
   30261.20        0.00942       0.18047       0.50000                28339704.16514 
   30261.20        0.00942       0.18047       0.50000                28339704.16514 
   30029.53        0.01785       0.18047       0.50000                4991838.80457 
   29935.28        0.01561       0.18047       0.50000                8006582.40567 
   29923.88        0.01333       0.18047       0.50000                12801836.81268 
   29916.03        0.01441       0.18047       0.50000                10252335.07544 
   29915.49        0.01418       0.18047       0.50000                10741884.90573 
   29915.49        0.01418       0.18047       0.50000                10738847.93149 
   29915.49        0.01418       0.18047       0.50000                10739220.88967 
   29915.49        0.01418       0.18047       0.50000                10739183.63954 

                     Ue            Ul            Um                          
                   0.01651       0.00000       0.00000               

Stdrd Errors:      0.00031                            

N (Number of pairs)=   17011     Predicted L (Lp)=       0.18047
--------------------------------------------------------------------------------------------------------------------------------

>>> IT(E,M)
 
IT   -2lnlk          E             L             M                          Kee            Kll            Kmm                        
   29915.49        0.01418       0.18047       0.50000                10739183.63954                   92578.32626 
   29915.49        0.01418       0.18047       0.50000                10739183.63954                   92578.32626 
   29891.32        0.01418       0.18047       0.52200                12299743.69456                   92578.89461 
   29885.70        0.01733       0.18047       0.54377                7597385.53840                   85681.26907 
   29871.70        0.01595       0.18047       0.52809                9005216.94434                   88526.53094 
   29871.63        0.01587       0.18047       0.52831                9155577.37165                   88692.44007 
   29871.63        0.01588       0.18047       0.52838                9143867.62313                   88673.21547 
   29871.63        0.01588       0.18047       0.52837                9145469.00459                   88675.95661 
   29871.63        0.01588       0.18047       0.52837                9145311.38716                   88675.68503 
   29871.63        0.01588       0.18047       0.52837                9145327.14061                   88675.71219 

                     Ue            Ul            Um                          
                  -0.00422       0.00000      -0.00031               

Stdrd Errors:      0.00043                     0.00435

N (Number of pairs)=   17011     Predicted L (Lp)=       0.18047
--------------------------------------------------------------------------------------------------------------------------------

>>> IT(E,M)
 
IT   -2lnlk          E             L             M                          Kee            Kll            Kmm                        
   29871.63        0.01588       0.18047       0.52837                9145327.14061                   88675.71219 
   29871.63        0.01588       0.18047       0.52837                9145327.14061                   88675.71219 
   29871.63        0.01588       0.18047       0.52837                9145318.78023                   88675.70214 

                     Ue            Ul            Um                          
                   0.03805       0.00000      -0.00294               

Stdrd Errors:      0.00043                     0.00435

N (Number of pairs)=   17011     Predicted L (Lp)=       0.18047
--------------------------------------------------------------------------------------------------------------------------------

***THE SWEPT RADIUS (MEAN EXTENT OF 'USEFUL' LD IN THIS SAMPLE) IS    62.981394    ***

N(number of pairs)=          17011  m(number of SNPs)=            248 df=       17009.0 V(error variance)=       1.75622


>>>>>>>>>>>>>>>>>>>>>>>>>>>>>>>>>>>>>>>>>>>>>>>>>>>>>>>>>>>>>>>>>>>>>>>>>>>>>>>>>>>>>>>>>>>>>>>>>>>>>>>>>>>>>>>>>>>>>>>>
>>>>>>>>>>>>>>>>>>>>>>>>>>>>>>>>>>>>>>>>>>>>>>>>>>>>>>>>>>>>>>>>>>>>>>>>>>>>>>>>>>>>>>>>>>>>>>>>>>>>>>>>>>>>>>>>>>>>>>>>
NOW TESTING  THE FIT OF THE LDU MAP....




******** Fitting pairwise data to LD map ******** 
--------------------------------------------------------------------------------------------------------------------------------
--------------------------------------------------------------------------------------------------------------------------------
>>> PA(E=0.009424,M=0.5)
 

>>> IT(E)
 
IT   -2lnlk          E             L             M                          Kee            Kll            Kmm                        
   36343.91        0.00942       0.18047       0.50000                 332564.24317 
   36343.91        0.00942       0.18047       0.50000                 332564.24317 
   24911.74        1.10942       0.18047       0.50000                    163.71304 
   24757.77        1.06583       0.18047       0.50000                    326.60789 
   23557.58        0.66648       0.18047       0.50000                   5500.02044 
   23481.99        0.61789       0.18047       0.50000                   7226.77006 
   23452.46        0.51056       0.18047       0.50000                  13274.63062 
   23437.70        0.56030       0.18047       0.50000                   9998.64635 
   23436.16        0.54835       0.18047       0.50000                  10699.65738 
   23436.16        0.54815       0.18047       0.50000                  10712.04360 
   23436.16        0.54818       0.18047       0.50000                  10710.38668 
   23436.16        0.54818       0.18047       0.50000                  10710.55319 
   23436.16        0.54818       0.18047       0.50000                  10710.53655 
   23436.16        0.54818       0.18047       0.50000                  10710.53655 

                     Ue            Ul            Um                          
                   0.00027       0.00000       0.00000               

Stdrd Errors:      0.00966                            

N (Number of pairs)=   17011     Predicted L (Lp)=       0.18047
--------------------------------------------------------------------------------------------------------------------------------

>>> IT(E,M)
 
IT   -2lnlk          E             L             M                          Kee            Kll            Kmm                        
   23436.16        0.54818       0.18047       0.50000                  10710.53655                   64188.11830 
   23436.16        0.54818       0.18047       0.50000                  10710.53655                   64188.11830 
   19879.25        0.54818       0.18047       0.72000                  28317.86282                   64188.11853 
   17642.49        1.26427       0.18047       0.95469                   3849.13579                   43093.00944 
   17586.58        1.20411       0.18047       0.91766                   4097.90823                   44044.04011 
   17583.77        1.18293       0.18047       0.91044                   4282.30242                   44397.53448 
   17582.92        1.17197       0.18047       0.90960                   4427.67916                   44584.42387 
   17582.72        1.16749       0.18047       0.91067                   4511.36611                   44661.69135 
   17582.72        1.16842       0.18047       0.91090                   4501.10554                   44645.65934 
   17582.72        1.16841       0.18047       0.91091                   4501.33965                   44645.77448 
   17582.72        1.16841       0.18047       0.91091                   4501.31835                   44645.76443 
   17582.72        1.16841       0.18047       0.91091                   4501.32048                   44645.76544 

                     Ue            Ul            Um                          
                  -0.00008       0.00000       0.00036               

Stdrd Errors:      0.01792                     0.00569

N (Number of pairs)=   17011     Predicted L (Lp)=       0.18047
--------------------------------------------------------------------------------------------------------------------------------

>>> IT(E,M)
 
IT   -2lnlk          E             L             M                          Kee            Kll            Kmm                        
   17582.72        1.16841       0.18047       0.91091                   4501.32048                   44645.76544 
   17582.72        1.16841       0.18047       0.91091                   4501.32048                   44645.76544 
   17582.72        1.16841       0.18047       0.91091                   4501.31971                   44645.76529 

                     Ue            Ul            Um                          
                   0.00027       0.00000      -0.00149               

Stdrd Errors:      0.01792                     0.00569

N (Number of pairs)=   17011     Predicted L (Lp)=       0.18047
--------------------------------------------------------------------------------------------------------------------------------

***THE SWEPT RADIUS (MEAN EXTENT OF 'USEFUL' LD IN THIS SAMPLE) IS     0.855861    ***

N(number of pairs)=          17011  m(number of SNPs)=            248 df=       17009.0 V(error variance)=       1.03373

